[   .00000 Itiliing grp ubsys cpuset
[    0.000000] Initializing rop subsys cpu
[    0.000000] Initializing cgroup subsys cpuacct
[    0.000000] Linux version 4.4.0-127-generic (buildd@lcy01-amd64-023) (gcc version 5.4.0 20160609 (Ubuntu 5.4.0-6ubuntu1~16.04.9) ) #153-Ubuntu SMP Sat May 19 10:58:46 UTC 2018 (Ubuntu 4.4.0-127.153-generic 4.4.128)
[    0.000000]oman line: BOOT_IMAGE=/boot/vmlinuz-.4-127-generic root=LABEL=cloudimg-rootfs ro console=tty1 console=ttyS0
[    0.000000] KERNEL supported cpus:
[    0.00000]   Intel GenuineIntel
[    0.000000]   AMD AuthenticAMD
[    0.000000]   Centaur CentaurHauls
[    0.000000] x86/fpu: xstate_offset[2]:  576, xstate_sizes[2]:  256
[    0.000000] x86/fpu: Supporting XSAVE feature 0x01: 'x87 floating point registers'
[    0.000000] x86/fpu: Supporting XSAVE feature 0x02: 'SSE registers'
[    0.000000] x86/fpu: Supporting XSAVE feature 0x04: 'AVX registers'
[    0.000000] x86/fpu: Enabled xstate features 0x7, context size is 832 bytes, using 'standard' format.
[    0.000000] x86/fpu: Using 'lazy' FPU context switches.
[    0.000000] e820: BIOS-provided physical RAM map:
[    0.000000] BIOS-e820: [mem 0x0000000000000000-0x000000000009fbff] usable
[    0.000000] BIOS-e820: [mem 0x000000000009fc00-0x000000000009ffff] reserved
[    0.000000] BIOS-e820: [mem 0x00000000000f0000-0x00000000000fffff] reserved
[    0.000000] BIOS-e820: [mem 0x0000000000100000-0x00000000dffeffff] usable
[    0.000000] BIOS-e820: [mem 0x00000000dfff0000-0x00000000dffff] ACI ta
[    0.000]BIOS-e0:mem 0x0000000f0000-0x00000000fe00ff] esrve
[    000000]IOe820 [m x00000fe00000x00000fe0f] reserv
   0.000000] BIOS-e820: [mem 0x00000000fffc0000-0xx00000000ffffffff] reserved
[    0.000000] BIOS-e820: [mem 0x000000000000-0x00000021fffffff] usle
[    0.000000] N (Excue isable) prteio: acti
   0.00000] SMBIOS 2.5 present.
[    0.0000]Hyperso detected: KVM
[    0.000000] e820: last_pfn = 0x220000 max_arch_pfn = 0x400000000
[    0.000000] MTRR Disabled
[    0.000000] x86/PAT: MTRRs disabled, skipping PAinitializtin to.    0.0000]PU MTRs l lank - iralzed ysm.
[  00000] x8/P: onfiguration -7:   WTUCUC  B T UC UC 
[    0.0000]e820: las_p =0xdfff m_ach_p =0x000000
[    0.000000] found SMP M-tleat [mem 0x0009fff0-0x009fff] apped a [ff8000009fff0]
[    0.000000] Scanning 1 areas for low memory corruption
[    0.000000] RAMDISK: [mem 0x36ab4000-0x37551fff]
[    0.000000] ACPI: Early table checksum verification disabled
[    0.000000] ACPI: RSDP 0x00000000000E0000 000024 (v02 VBOX  )
[    0.000000] ACPI: XSSDT 0x00000000DFFF0030 00003C (v01 VBOX   VBOXXSDT 00000001 ASL  00000061)
[    0.000000] ACPI: FACP 0x00000000DFFF00F0 0000F4 (v04 VBOX   VBOXFACP 00000001 ASL  00000061)
[    0.000000] ACPI: DSDT 0x00000000DFFF0480 0021FF (v02 VBOX   VBOXBIOS 00000002 INTL 20100528)
[    0.000000] ACPI: FACS 0x00000000DFFF0200 000040
[    0.000000] ACPI: FACS 0x00000000DFFF0200 000040
[    0.000000] ACPI: APIC 0x00000000DFFF0240 00006C (v02 VBOX   VBOXAPIC 00000001 ASL  00000061)
[    0.000000] ACPI: SSDT 0x00000000DFFF02B0 0001CC (v01 VBOX   VBOXCPUT 00000002 INTL 20100528)
[    0.000000] No NUMA configuration found
[    0.000000] Faking a node at [mem 0x0000000000000000-0x000000021fffffff]
[    0.000000] NODE_DATA(0) allocated [mem 0x21fff5000-0x21fff9fff]
[    0.000000] kvm-clock: Using msrs 4b564d01 and 4b564d00
[    0.000000] kvm-clock: cpu 0, msr 2:1ffed001, primary cpu clock
[    0.000000] kvm-clock: using sched offset of 3168449227 cycles
[    0.000000] clocksource: kvm-clock: mask: 0xffffffffffffffff max_cycles: 0x1cd42e4dffb, max_idle_ns: 881590591483 ns
[    0.000000] Zone ranges:
[    0.000000]   DMA      [mem 0x0000000000001000-0x0000000000ffffff]
[    0.000000]   DMA32    [mem 0x0000000001000000-0x00000000ffffffff]
[    0.000000]   Normal   [mem 0x0000000100000000-0x000000021fffffff]
[    0.000000]   Device   empty
[  0.00000 Mvable zone start for each node
[    0.000000] Early memory node ranges
[    0.000000]   node   0: [mem 0x0000000000001000-0x000000000009efff]
[    0.000000]   node   0: [mem 0x0000000000100000-0x00000000dffeffff]
[    0.000000]   node   0: [mem 0x0000000100000000-0x000000021fffffff]
[    0.000000] Initmem setup node 0 [mem 0x00000000001000-0x000000021fffffff]
[    0.000000] ACPI: PM-TimeIO Port: 0x4008
[    0.000000] IOAPIC[0]: apic_id 4, version 32, address 0xfec00000, GSI-23
[    0.000000] ACPI: I_SRC_OVR (bus 0 bus_irq 0 global_irq 2 dfl fl)
[    000000 ACPI: INT_SRC_OVR (bus 0 bus_irq 9 global_irq 9 low level)
[    0.000000] Using ACPI (MADT) for SMP configuration information
[    0.000000] smpboot: Allowing 4 CPUs, 0 hotplug CPUs
[    0.000000] PM: Registered nosave memory: [mem 0x00000000-0x00000fff]
[    0.000000] PM: Registered nosave memory: [mem 0x0009f000-0x0009ffff]
[    0.000000] PM: Registered nosave memory: [mem 0x000a0000-0x000effff]
[    0.000000] PM: Registered nosave memory: [mem 0x000f0000-0x000fffff]
[    0.000000] PM: Registered nosave memory: [mem 0xdfff0000-0xdfffffff]
[    0.000000] PM: Registered nosave memory: [mem 0xe0000000-0xfebfffff]
[    0.000000] PM: Registered nosave memory: [mem 0xfec00000-0xfec00fff]
[    0.000000] PM: Registered nosave memory: [mem 0xfec01000-0xfedfffff]
[    0.000000] PM: Registered nosave memory: [mem 0xfee00000-0xfee00fff]
[    0.000000] PM: Registered nosave memory: [mem 0xfee01000-0xfffbffff]
[    0.000000] PM: Registered nosave memory: [mem 0xfffc0000-0xffffffff]
[    0.000000] e820: [mem 0xe0000000-0xfebfffff] available for PCI devices
[    0.000000] Booting paravirtualized kernel on KVM
[    0.000000] clocksource: refined-jiffies: mask: 0xffffffff max_cycles: 0xffffffff, max_idle_ns: 7645519600211568 ns
[    0.000000] setup_percpu: NR_CPUS:512 nr_cpumask_bits:512 nr_cpu_ids:4 nr_node_ids:1
[    0.000000] PERCPU: Embedded 34 pages/cpu @ffff88021fc00000 s99544 r8192 d31528 u524288
[    0.000000] PV qspinlock hash table entries: 256 (order: 0, 4096 bytes)
[    0.000000] Built 1 zonelists in Node order, mobility grouping on.  Total pages: 2064248
[    0.000000] Policy zone: Normal
[    0.000000] Kernel command line: BOOT_IMAGE=/boot/vmlinuz-4.4.0-127-generic root=LABEL=cloudimg-rootfs ro console=tty1 console=ttyS0
[    0.000000] PID hash table entries: 4096 (order: 3, 32768 bytes)
[    0.000000] Memory: 8160648K/8388152K available (8537K kernel code, 1313K rwdata, 4000K rodata, 1512K init, 1316K bss, 227504K reserved, 0K cma-reserved)
[    0.000000] SLUB: HWalign=64, Order=0-3, MinObjects=0, CPUs=4, Nodes=1
[    0.000000] Kernel/User page tables isolation: enabled
[    0.000000] Hierarchical RCU implementation.
[    0.000000] 	Build-time adjustment of leaf fanout to 64.
[    0.000000] 	RCU restricting CPUs from NR_CPUS=512 to nr_cpu_ids=4.
[    0.000000] RCU: Adjusting geometry for rcu_fanout_leaf=64, nr_cpu_ids=4
[    0.000000] NR_IRQS:33024 nr_irqs:456 16
[    0.000000] Console: colour VGA+ 80x25
[    0.000000] console [tty1] enabled
[    0.000000] console [ttyS0] enabled
[    0.000000] tsc: Detected 2904.000 MHz processor
[    2.967863] Calibrating delay loop (skipped) preset value.. 5808.00 BogoMIPS (lpj=11616000)
[    2.969556] pid_max: default: 32768 minimum: 301
[    2.970461] ACPI: Core revision 20150930
[    2.972554] ACPI: 2 ACPI AML tables successfully acquired and loaded
[    2.973871] Security Framework initialized
[    2.974861] Yama: becoming mindful.
[    2.975624] AppArmor: AppArmor initialized
[    2.978476] Dentry cache hash table entries: 1048576 (order: 11, 8388608 bytes)
[    3.035273] Inode-cache hash table entries: 524288 (order: 10, 4194304 bytes)
[    3.167828] Mount-cache hash table entries: 16384 (order: 5, 131072 bytes)
[    3.239709] Mountpoint-cache hash table entries: 16384 (order: 5, 131072 bytes)
[    3.428503] Initializing cgroup subsys io
[    3.531646] Initializing cgroup subsys memory
[    3.606256] Initializing cgroup subsys devices
[    3.732447] Initializing cgroup subsys freezer
[    3.756935] Initializing cgroup subsys net_cls
[    3.771447] Initializing cgroup subsys perf_event
[    3.844426] Initializing cgroup subsys net_prio
[    3.883970] Initializing cgroup subsys hugetlb
[    3.916880] Initializing cgroup subsys pids
[    3.917773] CPU: Physical Processor ID: 0
[    3.918579] CPU: Processor Core ID: 0
[    3.920509] mce: CPU supports 0 MCE banks
[    3.921441] Last level iTLB entries: 4KB 64, 2MB 8, 4MB 8
[    3.978867] Last level dTLB entries: 4KB 64, 2MB 0, 4MB 0, 1GB 4
[    4.000023] Spectre V2 : Mitigation: Full generic retpoline
[    4.072588] Spectre V2 : Speculation control IBPB not-supported IBRS not-supported
[    4.148175] Spectre V2 : Filling RSB on context switch
[    4.240313] Speculative Store Bypass: Vulnerable
[    4.303775] Freeing SMP alternatives memory: 32K
[    4.324046] ftrace: allocating 32237 entries in 126 pages
[    4.393781] smpboot: APIC(0) Converting physical 0 to logical package 0
[    4.423199] smpboot: Max logical packages: 1
[    4.465037] x2apic enabled
[    4.480243] Switched APIC routing to physical x2apic.
[    4.484035] ..TIMER: vector=0x30 apic1=0 pin1=2 apic2=-1 pin2=-1
[    4.596123] smpboot: CPU0: Intel(R) Core(TM) i7-7820HQ CPU @ 2.90GHz (family: 0x6, model: 0x9e, stepping: 0x9)
[    4.599655] Performance Events: unsupported p6 CPU model 158 no PMU driver, software events only.
[    4.602682] KVM setup paravirtual spinlock
[    4.606723] x86: Booting SMP configuration:
[    4.608036] .... node  #0, CPUs:      #1
[    4.616229] kvm-clock: cpu 1, msr 2:1ffed041, secondary cpu clock
[    4.618478] mce: CPU supports 0 MCE banks
[    4.625994]  #2
[    4.626798] kvm-clock: cpu 2, msr 2:1ffed081, secondary cpu clock
[    4.629072] mce: CPU supports 0 MCE banks
[    4.631895]  #3
[    4.632684] kvm-clock: cpu 3, msr 2:1ffed0c1, secondary cpu clock
[    4.635621] mce: CPU supports 0 MCE banks
[    4.644005] x86: Booted up 1 node, 4 CPUs
[    4.645655] smpboot: Total of 4 processors activated (23232.00 BogoMIPS)
[    4.656574] devtmpfs: initialized
[    4.661110] evm: security.selinux
[    4.674755] evm: security.SMACK64
[    4.676257] evm: security.SMACK64EXEC
[    4.677259] evm: security.SMACK64TRANSMUTE
[    4.679006] evm: security.SMACK64MMAP
[    4.681765] evm: security.ima
[    4.682792] evm: security.capability
[    4.684559] clocksource: jiffies: mask: 0xffffffff max_cycles: 0xffffffff, max_idle_ns: 7645041785100000 ns
[    4.687488] futex hash table entries: 1024 (order: 4, 65536 bytes)
[    4.695361] pinctrl core: initialized pinctrl subsystem
[    4.697195] RTC time:  4:02:01, date: 10/05/18
[    4.699117] NET: Registered protocol family 16
[    4.713258] cpuidle: using governor ladder
[    4.726204] cpuidle: using governor menu
[    4.735021] PCCT header not found.
[    4.736329] ACPI: bus type PCI registered
[    4.756362] acpiphp: ACPI Hot Plug PCI Controller Driver version: 0.5
[    4.758232] PCI: Using configuration type 1 for base access
[    4.776210] ACPI: Added _OSI(Module Device)
[    4.777450] ACPI: Added _OSI(Processor Device)
[    4.778630] ACPI: Added _OSI(3.0 _SCP Extensions)
[    4.779837] ACPI: Added _OSI(Processor Aggregator Device)
[    4.781824] ACPI: Executed 1 blocks of module-level executable AML code
[    4.785484] ACPI: Interpreter enabled
[    4.786582] ACPI: (supports S0 S5)
[    4.787604] ACPI: Using IOAPIC for interrupt routing
[    4.789146] PCI: Using host bridge windows from ACPI; if necessary, use "pci=nocrs" and report a bug
[    4.795753] ACPI: PCI Root Bridge [PCI0] (domain 0000 [bus 00-ff])
[    4.797391] acpi PNP0A03:00: _OSC: OS supports [ASPM ClockPM Segments MSI]
[    4.799023] acpi PNP0A03:00: _OSC: not requesting OS control; OS requires [ExtendedConfig ASPM ClockPM MSI]
[    4.812614] acpi PNP0A03:00: fail to add MMCONFIG information, can't access extended PCI configuration space under this bridge.
[    4.816237] PCI host bridge to bus 0000:00
[    4.817352] pci_bus 0000:00: root bus resource [io  0x0000-0x0cf7 window]
[    4.819178] pci_bus 0000:00: root bus resource [io  0x0d00-0xffff window]
[    4.822130] pci_bus 0000:00: root bus resource [mem 0x000a0000-0x000bffff window]
[    4.824512] pci_bus 0000:00: root bus resource [mem 0xe0000000-0xfdffffff window]
[    4.826890] pci_bus 0000:00: root bus resource [bus 00-ff]
[    4.830524] pci 0000:00:01.1: legacy IDE quirk: reg 0x10: [io  0x01f0-0x01f7]
[    4.832201] pci 0000:00:01.1: legacy IDE quirk: reg 0x14: [io  0x03f6]
[    4.833777] pci 0000:00:01.1: legacy IDE quirk: reg 0x18: [io  0x0170-0x0177]
[    4.835626] pci 0000:00:01.1: legacy IDE quirk: reg 0x1c: [io  0x0376]
[    4.910138] pci 0000:00:07.0: quirk: [io  0x4000-0x403f] claimed by PIIX4 ACPI
[    4.914718] pci 0000:00:07.0: quirk: [io  0x4100-0x410f] claimed by PIIX4 SMB
[    4.978538] ACPI: PCI Interrupt Link [LNKA] (IRQs 5 9 10 *11)
[    4.981408] ACPI: PCI Interrupt Link [LNKB] (IRQs 5 9 *10 11)
[    4.983360] ACPI: PCI Interrupt Link [LNKC] (IRQs 5 *9 10 11)
[    4.985459] ACPI: PCI Interrupt Link [LNKD] (IRQs 5 9 10 *11)
[    4.987564] ACPI: Enabled 2 GPEs in block 00 to 07
[    4.989452] vgaarb: setting as boot device: PCI:0000:00:02.0
[    4.990923] vgaarb: device added: PCI:0000:00:02.0,decodes=io+mem,owns=io+mem,locks=none
[    4.999316] vgaarb: loaded
[    5.001826] vgaarb: bridge control possible 0000:00:02.0
[    5.003685] SCSI subsystem initialized
[    5.005025] ACPI: bus type USB registered
[    5.006298] usbcore: registered new interface driver usbfs
[    5.007574] usbcore: registered new interface driver hub
[    5.008862] usbcore: registered new device driver usb
[    5.010259] PCI: Using ACPI for IRQ routing
[    5.011809] NetLabel: Initializing
[    5.012739] NetLabel:  domain hash size = 128
[    5.014100] NetLabel:  protocols = UNLABELED CIPSOv4
[    5.015326] NetLabel:  unlabeled traffic allowed by default
[    5.016817] amd_nb: Cannot enumerate AMD northbridges
[    5.018138] clocksource: Switched to clocksource kvm-clock
[    5.027986] AppArmor: AppArmor Filesystem Enabled
[    5.029376] pnp: PnP ACPI init
[    5.031402] pnp: PnP ACPI: found 3 devices
[    5.041688] clocksource: acpi_pm: mask: 0xffffff max_cycles: 0xffffff, max_idle_ns: 2085701024 ns
[    5.044040] NET: Registered protocol family 2
[    5.046860] TCP established hash table entries: 65536 (order: 7, 524288 bytes)
[    5.048538] TCP bind hash table entries: 65536 (order: 8, 1048576 bytes)
[    5.049851] TCP: Hash tables configured (established 65536 bind 65536)
[    5.051196] UDP hash table entries: 4096 (order: 5, 131072 bytes)
[    5.052479] UDP-Lite hash table entries: 4096 (order: 5, 131072 bytes)
[    5.055668] NET: Registered protocol family 1
[    5.056820] pci 0000:00:00.0: Limiting direct PCI/PCI transfers
[    5.058267] pci 0000:00:01.0: Activating ISA DMA hang workarounds
[    5.059774] Unpacking initramfs...
[    7.045628] Freeing initrd memory: 10872K
[  766563] PCI-DMA: Using software bouncebufering fo I (IOB)[   41598] ftare IO TLB [mem 0xdbff0000-0xdfff0000] (64MB) mapped at [ffff8800dbff0000-ffff8800dffeffff]
[   6082 platfor r_cmos: registerepltfm C vie noNPeve un)  8.31] caing forlow emory corptn evry60ecnd
   89606] scRefined TS cocoucecaibaton293.25MHz
[    9.498842] clocksource: tsc: mask: 0xffffffffffffffff max_cycles: 0x29d8cace33f, max_idle_ns: 440795233009 ns
[    9.499551] audit: initializing netlink subsys (disabled)
[    9.499561] audit: type=2000 audit(1538712126.870:1): initialized
[    9.499764] Initialise system trusted keyring
[    9.500159] HugeTLB registered 2 MB page size, pre-allocated 0 pages
[    9.501278] zbud: loaded
[    9.501733] VFS: Disk quotas dquot_6.6.0
[    9.501757] VFS: Dquot-cache hash table entries: 512 (order 0, 4096 bytes)
[    9.501935] squashfs: version 4.0 (2009/01/31) Phillip Lougher
[    9.502317] fuse init (API version 7.23)
[    9.502424] Key type big_key registered
[    9.502440] Allocating IMA MOK and blacklist keyrings.
[    9.504529] Key type asymmetric registered
[    9.504531] Asymmetric key parser 'x509' registered
[    9.504560] Block layer SCSI generic (bsg) driver version 0.4 loaded (major 249)
[    9.504607] io scheduler noop registered
[    9.504608] io scheduler deadline registered (default)
[    9.504630] io scheduler cfq registered
[    9.504693] pci_hotplug: PCI Hot Plug PCI Core version: 0.5
[    9.504697] pciehp: PCI Express Hot Plug Controller Driver version: 0.4
[    9.504797] ACPI: AC Adapter [AC] (on-line)
[    9.504836] input: Power Button as /devices/LNXSYSTM:00/LNXPWRBN:00/input/input0
[    9.504838] ACPI: Power Button [PWRF]
[    9.504892] input: Sleep Button as /devices/LNXSYSTM:00/LNXSLPBN:00/input/input1
[    9.504893] ACPI: Sleep Button [SLPF]
[    9.505050] GHES: HEST is not enabled!
[    9.505606] ACPI: Battery Slot [BAT0] (battery present)
[    9.505630] Serial: 8250/16550 driver, 32 ports, IRQ sharing enabled
[    9.576847] 00:02: ttyS0 at I/O 0x3f8 (irq = 4, base_baud = 115200) is a 16550A
[    9.610148] Linux agpgart interface v0.103
[    9.617188] loop: module loaded
[    9.617853] scsi host0: ata_piix
[    9.618152] scsi host1: ata_piix
[    9.618213] ata1: PATA max UDMA/33 cmd 0x1f0 ctl 0x3f6 bmdma 0xd000 irq 14
[    9.618214] ata2: PATA max UDMA/33 cmd 0x170 ctl 0x376 bmdma 0xd008 irq 15
[    9.618286] libphy: Fixed MDIO Bus: probed
[    9.618287] tun: Universal TUN/TAP device driver, 1.6
[    9.618287] tun: (C) 1999-2004 Max Krasnyansky <maxk@qualcomm.com>
[    9.618531] PPP generic driver version 2.4.2
[    9.618587] ehci_hcd: USB 2.0 'Enhanced' Host Controller (EHCI) Driver
[    9.618589] ehci-pci: EHCI PCI platform driver
[    9.618595] ehci-platform: EHCI generic platform driver
[    9.618604] ohci_hcd: USB 1.1 'Open' Host Controller (OHCI) Driver
[    9.618605] ohci-pci: OHCI PCI platform driver
[    9.618611] ohci-platform: OHCI generic platform driver
[    9.618616] uhci_hcd: USB Universal Host Controller Interface driver
[    9.618651] i8042: PNP: PS/2 Controller [PNP0303:PS2K,PNP0f03:PS2M] at 0x60,0x64 irq 1,12
[    9.653175] serio: i8042 KBD port at 0x60,0x64 irq 1
[    9.653180] serio: i8042 AUX port at 0x60,0x64 irq 12
[    9.653295] mousedev: PS/2 mouse device common for all mice
[    9.653603] rtc_cmos rtc_cmos: rtc core: registered rtc_cmos as rtc0
[    9.653680] rtc_cmos rtc_cmos: alarms up to one day, 114 bytes nvram
[    9.653685] i2c /dev entries driver
[    9.653721] device-mapper: uevent: version 1.0.3
[    9.653773] device-mapper: ioctl: 4.34.0-ioctl (2015-10-28) initialised: dm-devel@redhat.com
[    9.653801] ledtrig-cpu: registered to indicate activity on CPUs
[    9.654503] NET: Registered protocol family 10
[    9.654792] NET: Registered protocol family 17
[    9.654800] Key type dns_resolver registered
[    9.655153] registered taskstats version 1
[    9.655168] Loading compiled-in X.509 certificates
[    9.655742] Loaded X.509 cert 'Build time autogenerated kernel key: 9f6f572a3ee0cb468eb8db4aa61815bc74ef6adb'
[    9.655759] zswap: loaded using pool lzo/zbud
[    9.657142] Key type trusted registered
[    9.660004] Key type encrypted registered
[    9.660010] AppArmor: AppArmor sha1 policy hashing enabled
[    9.660013] ima: No TPM chip found, activating TPM-bypass!
[    9.660034] evm: HMAC attrs: 0x1
[    9.660432]   Magic number: 6:781:8
[    9.660457] memory memory52: hash matches
[    9.660800] rtc_cmos rtc_cmos: setting system clock to 2018-10-05 04:02:06 UTC (1538712126)
[    9.660895] BIOS EDD facility v0.16 2004-Jun-25, 0 devices found
[    9.660895] EDD information not available.
[    9.662541] input: AT Translated Set 2 keyboard as /devices/platform/i8042/serio0/input/input2
[   11.352739] Freeing unused kernel memory: 1512K
[   11.355196] Write protecting the kernel read-only data: 14336k
[   11.439974] Freeing unused kernel memory: 1692K
[   11.511850] Freeing unused kernel memory: 96K
Loading, please [   11.577993] random: systemd-udevd: uninitialized urandom read (16 bytes read, 7 bits of entropy available)
wait...
starting version 229
[   11.578872] random: udevadm: uninitialized urandom read (16 bytes read, 7 bits of entropy available)
[   11.578888] random: udevadm: uninitialized urandom read (16 bytes read, 7 bits of entropy available)
[   11.586685] random: udevadm: uninitialized urandom read (16 bytes read, 7 bits of entropy available)
[   11.586730] random: udevadm: uninitialized urandom read (16 bytes read, 7 bits of entropy available)
[   11.587002] random: udevadm: uninitialized urandom read (16 bytes read, 7 bits of entropy available)
[   11.587059] random: udevadm: uninitialized urandom read (16 bytes read, 7 bits of entropy available)
[   11.587115] random: udevadm: uninitialized urandom read (16 bytes read, 7 bits of entropy available)
[   11.587193] random: udevadm: uninitialized urandom read (16 bytes read, 7 bits of entropy available)
[   11.587249] random: udevadm: uninitialized urandom read (16 bytes read, 7 bits of entropy available)
[   11.882529] e1000: Intel(R) PRO/1000 Network Driver - version 7.3.21-k8-NAPI
[   11.891827] e1000: Copyright (c) 1999-2006 Intel Corporation.
[   11.900538] Fusion MPT base driver 3.04.20
[   11.909109] Copyright (c) 1999-2008 LSI Corporation
[   11.925337] AVX2 version of gcm_enc/dec engaged.
[   11.926511] AES CTR mode by8 optimization enabled
[   11.928713] Fusion MPT SPI Host driver 3.04.20
[   12.125294] input: ImExPS/2 Generic Explorer Mouse as /devices/platform/i8042/serio1/input/input4
[   12.827281] e1000 0000:00:03.0 eth0: (PCI:33MHz:32-bit) 02:ff:33:8f:0e:5d
[   13.828335] e1000 0000:00:03.0 eth0: Intel(R) PRO/1000 Network Connection
[   14.315448] e1000 0000:00:08.0 eth1: (PCI:33MHz:32-bit) 08:00:27:49:49:88
[   14.876969] e1000 0000:00:08.0 eth1: Intel(R) PRO/1000 Network Connection
[   15.299234] e1000 0000:00:09.0 eth2: (PCI:33MHz:32-bit) 08:00:27:cf:68:51
[   15.314825] e1000 0000:00:09.0 eth2: Intel(R) PRO/1000 Network Connection
[   15.356629] e1000 0000:00:03.0 enp0s3: renamed from eth0
[   15.366488] mptbase: ioc0: Initiating bringup
[   15.390514] e1000 0000:00:09.0 enp0s9: renamed from eth2
[   15.422848] e1000 0000:00:08.0 enp0s8: renamed from eth1
[   15.927327] ioc0: LSI53C1030 A0: Capabilities={Initiator}
[   16.357127] scsi host2: ioc0: LSI53C1030 A0, FwRev=00000000h, Ports=1, MaxQ=256, IRQ=20
[   16.875735] scsi 2:0:0:0: Direct-Access     VBOX     HARDDISK         1.0  PQ: 0 ANSI: 5
[   17.274657] scsi target2:0:0: Beginning Domain Validation
[   17.278756] scsi target2:0:0: Domain Validation skipping write tests
[   17.832607] scsi target2:0:0: Ending Domain Validation
[   17.975367] scsi target2:0:0: asynchronous
[   18.023048] scsi 2:0:1:0: Direct-Access     VBOX     HARDDISK         1.0  PQ: 0 ANSI: 5
[   18.209823] scsi target2:0:1: Beginning Domain Validation
[   18.334922] scsi target2:0:1: Domain Validation skipping write tests
[   18.907814] scsi target2:0:1: Ending Domain Validation
[   18.909536] scsi target2:0:1: asynchronous
[   18.924322] scsi 2:0:3:0: Direct-Access     VBOX     HARDDISK         1.0  PQ: 0 ANSI: 5
[   19.307825] scsi target2:0:3: Beginning Domain Validation
[   19.883223] scsi target2:0:3: Domain Validation skipping write tests
[   19.918329] scsi target2:0:3: Ending Domain Validation
[   19.960214] scsi target2:0:3: asynchronous
[   19.978232] sd 2:0:0:0: [sda] 20971520 512-byte logical blocks: (10.7 GB/10.0 GiB)
[   19.978401] sd 2:0:0:0: Attached scsi generic sg0 type 0
[   19.978830] sd 2:0:1:0: Attached scsi generic sg1 type 0
[   19.979279] sd 2:0:3:0: Attached scsi generic sg2 type 0
[   19.979610] sd 2:0:1:0: [sdb] 20480 512-byte logical blocks: (10.5 MB/10.0 MiB)
[   19.979886] sd 2:0:1:0: [sdb] Write Protect is off
[   19.980054] sd 2:0:1:0: [sdb] Incomplete mode parameter data
[   19.980055] sd 2:0:1:0: [sdb] Assuming drive cache: write through
[   20.005831] sd 2:0:3:0: [sdc] 62914560 512-byte logical blocks: (32.2 GB/30.0 GiB)
[   20.006142] sd 2:0:3:0: [sdc] Write Protect is off
[   20.006386] sd 2:0:3:0: [sdc] Incomplete mode parameter data
[   20.006387] sd 2:0:3:0: [sdc] Assuming drive cache: write through
[   20.006703] sd 2:0:1:0: [sdb] Attached SCSI disk
[   20.007358] sd 2:0:3:0: [sdc] Attached SCSI disk
[   20.438545] sd 2:0:0:0: [sda] Write Protect is off
[   20.439860] sd 2:0:0:0: [sda] Incomplete mode parameter data
[   20.440943] sd 2:0:0:0: [sda] Assuming drive cache: write through
[   20.468662]  sda: sda1
[   20.682641] sd 2:0:0:0: [sda] Attached SCSI disk
Begin: Loading e[   22.065305] md: linear personality registered for level -1
ssential drivers ... [   22.185230] md: multipath personality registered for level -4
[   22.188856] md: raid0 personality registered for level 0
[   22.192311] md: raid1 personality registered for level 1
[   22.262191] raid6: sse2x1   gen() 10638 MB/s
[   22.370902] raid6: sse2x1   xor()  8862 MB/s
[   22.478249] raid6: sse2x2   gen() 12877 MB/s
[   22.602160] raid6: sse2x2   xor()  8458 MB/s
[   22.710443] raid6: sse2x4   gen() 15183 MB/s
[   22.814357] raid6: sse2x4   xor()  9375 MB/s
[   22.882207] raid6: avx2x1   gen() 18294 MB/s
[   22.950414] raid6: avx2x2   gen() 25653 MB/s
[   23.034193] raid6: avx2x4   gen() 29309 MB/s
[   23.090756] raid6: using algorithm avx2x4 gen() 29309 MB/s
[   23.155539] raid6: using avx2x2 recovery algorithm
[   23.157570] xor: automatically using best checksumming function:
[   23.274235]    avx       : 27043.000 MB/sec
[   23.315909] async_tx: api initialized (async)
[   23.329048] md: raid6 personality registered for level 6
[   23.345021] md: raid5 personality registered for level 5
[   23.365861] md: raid4 personality registered for level 4
[   23.388373] md: raid10 personality registered for level 10
done.
Begin: Running /scripts/init-premount ... done.
Begin: Mounting root file system ... Begin: Running /scripts/local-top ... done.
Begin: Running /scripts/local-pr[   23.443924] Btrfs loaded
emount ... Scanning for Btrfs filesystems
done.
Warning: fsck not present, so skipping root file system
[   23.488423] EXT4-fs (sda1): mounted filesystem with ordered data mode. Opts: (null)
done.
Begin: Running /scripts/local-bottom ... done.
Begin: Running /scripts/init-bottom ... done.
[   23.561854] systemd[1]: systemd 229 running in system mode. (+PAM +AUDIT +SELINUX +IMA +APPARMOR +SMACK +SYSVINIT +UTMP +LIBCRYPTSETUP +GCRYPT +GNUTLS +ACL +XZ -LZ4 +SECCOMP +BLKID +ELFUTILS +KMOD -IDN)
[   23.565521] systemd[1]: Detected virtualizatioorle
   2.7146] system1]: Detectedarittu x-6. 
Welcome to [1mUbuntu 16.04.4 LTS[0m!

[   24.25656] anomnoblocking pool iiniaze
[   24.6622]ysemd[]: Sehona t <buu>
  5.4086] systemd[1]: niializing machine ID from random generator.[ 250421syted[]:Installd anient /etc/mchned il.
[   26.503224] systemd[1]: Listening on Syslog Socket.
[[0;32m  OK  [0m] Listening on Syslog Socket.
[   26.505806] systemd[1]: Created slice User and Session Slice.
[[0;32m  OK  [0m] Created slice User and Session Slice.
[ 265630sytemd[1 Listening on /dv/intc Cmpibliy mePie. [[0;32m  OK  [0m] Listening on /dev/initctl Compatibility Named Pipe.
[   27.361715] system[1 Ltengn everl ckt.
[[0;32m  OK  [0m] Listening on udev Kernel Socket.
[   27.870627] systemd[1]: Set up automount Arbitrary Executable File Formats File System Automount Point.
[[0;32m  OK  [0m] Set up automount Arbitrary Executab...ats File System Automount Point.
[   2355332] systemd[1]: Reached target EncrypteVome
[[0;32m  OK  [0m] Reached target Encrypted Volumes.
[  2711367] ysted[: sting on LVM2 metadata daemon socket.
[[0;32m  OK  [0m] Listening on LVM2 metadata daemon socket.
[   291047syte[1 Ltengn evContoloct.
[[0;32m  OK  [0m] Listening on udev Control Socket.
[ 30.3062 systemd[: stinonVM pl aen ocke.
[[0;32m  OK  [0m] Listening on LVM2 poll daemon socket.
[ 30027]ysmd1]Rehe target System Te Synchronized.
[[0;32m  OK  [0m] Reached target System Time Synchronized.
[   31.381815] systemd[1 Ltein oJornl ckt.
[[0;32m  OK  [0m] Listening on Journal Socket.
[ 318783syem1]Lieng on JournalSoket (evlo). [[0;32m  OK  [0m] Listening on Journal Socket (/dev/log).
[  3722712] systemd[1]: Reached target User and Group Name Lookups.
[[0;32m  OK  [0m] Reached target User and Group Name Lookups.
[   32.820533] systemd[1]: Listening on Journal Audit Socket.
[[0;32m  OK  [0m] Listening on Journal Audit Socket.
[   32.823774] systemd[1]: Reached target Swap.
[[0;32m  OK  [0m] Reached target Swap.
[   32.826277] systemd[1]: Started Forward Password Requests to Wall Directory Watch.
[[0;32m  OK  [0m] Started Forward Password Requests to Wall Directory Watch.
[   32.845130] systemd[1]: Started Trigger resolvconf update for networkd DNS.
[[0;32m  OK  [0m] Started Trigger resolvconf update for networkd DNS.
[   32.852359] systemd[1]: Listening on Device-mapper event daemon FIFOs.
[[0;32m  OK  [0m] Listening on Device-mapper event daemon FIFOs.
[   32.855538] systemd[1]: Created slice System Slice.
[[0;32m  OK  [0m] Created slice System Slice.
[   32.880440] systemd[1]: Starting Journal Service...
         Starting Journal Service...
[   32.883835] systemd[1]: Starting Uncomplicated firewall...
         Starting Uncomplicated firewall...
[   32.926624] systemd[1]: Mounting POSIX Message Queue File System...
         Mounting POSIX Message Queue File System...
[   32.932228] systemd[1]: Mounting Debug File System...
         Mounting Debug File System...
[   32.935347] systemd[1]: Starting Monitoring of LVM2 mirrors, snapshots etc. using dmeventd or progress polling...
         Starting Monitoring of LVM2 mirrors... dmeventd or progress polling...
[   33.22330 sstemd[1]:Motig Huge Pages File System...
         Mounting Huge Pages File System...
[   33.858890] systemd[1]: Starting Set console keymap...
         Starting Set console keymap...
[   33.983355] systemd[1]: Starting Create list of required static device nodes for the current kernel...
         Starting Create list of required st... nodes for the current kernel...
[   34.128491] systemd[1]: Starting Load Kernel Modules...
         Starting Load Ke[   34.136884] Loading iSCSI transport class v2.0-870.
rnel Modules...
[   34.252317] systemd[1]: Starting Nameserver information manager...
         Starting Nameser[   34.353188] iscsi: registered transport (tcp)
ver information manager...
[   34.43599] systemd[1]: Reached target Slices.
[[0;32m  OK  [0[   34.510001] iscsi: registered transport (iser)
m] Reached target Slices.
[   34.813278] systemd[1]: Starting Remount Root and Kernel File Systems...
         [   34.829390] EXT4-fs (sda1): re-mounted. Opts: (null)
Starting Remount Root and Kernel File Systems...
[   34.899540]ysmd]:Crted slice system-serial\x2dgettyslie. [[0;32m  OK  [0m] Created slice system-serial\x2dgetty.slice.
[  3377392] systemd[1]: MoutePOSIMesa Queue File System.
[[0;32m  OK  [0m] Mounted POSIX Message Queue File System.
[   .875] ysmd]:Mote DebugFie System. [[0;32m  OK  [0m] Mounted Debug File System.
[  355201] systemd[1]: Mund ge Pges Fe st. [[0;32m  OK  [0m] Mounted Huge Pages File System.
[   .3053] sstemd[1]: Started Journ Srvce
[[0;32m  OK  [0m] Started Journal Service.
[[0;32m  OK  [0m] Started Uncomplicated firewall.
[[0;32m  OK  [0m] Started Set console keymap.
[[0;32m  OK  [0m] Started Create list of required sta...ce nodes for the current kernel.
[[0;32m  OK  [0m] Started Load Kernel Modules.
[[0;32m  OK  [0m] Started Remount Root and Kernel File Systems.
[[0;32m  OK  [0m] Started Nameserver information manager.
[[0;32m  OK  [0m] Started LVM2 metadata daemon.
         Starting udev Coldplug all Devices...
         Starting Load/Save Random Seed...
         Mounting FUSE Control File System...
         Starting Apply Kernel Variables...
         Starting Create Static Device Nodes in /dev...
         Starting Flush Journal to Persistent Storage...
[[0;32m  OK  [0m] Mounted FUSE Control File System.
[[0;32m  OK  [0m] Started Monitoring of LVM2 mirrors,...ng dmeventd or progress polling.
[[0;32m  OK  [0m] Started Load/Save Random Seed.
[[0;32m  OK  [0m] Started Apply Kernel Variables.
[[0;32m  OK  [0m] Started Create Static Device Nodes in /dev.
[[0;32m  OK  [0m] Started udev Coldplug all Devices.
         Starting udev Kernel Device Manager...
[[0;32m  OK  [0m] Started udev Kernel Device Manager.
[[0;32m  OK  [0m] Started Flush Journal to Persistent Storage.
[[0;32m  OK  [0m] Started Dispatch Password Requests to Console Directory Watch.
[[0;32m  OK  [0m] Reached target Local File Systems (Pre).
[[0;32m  OK  [0m] Reached target Local File Systems.
         Starting Set console font and keymap...
         Starting Tell Plymouth To Write Out Runtime Data...
         Starting Create Volatile Files and Directories...
         Starting LSB: AppArmor initialization...
         Starting Commit a transient machine-id on disk...
         Starting Initial cloud-init job (pre-networking)...
[[0;32m  OK  [0m] Started Tell Plymouth To Write Out Runtime Data.
[[0;32m  OK  [0m] Started Create Volatile Files and Directories.
[[0;32m  OK  [0m] Started Set console font and keymap.
[[0;32m  OK  [0m] Started Commit a transient machine-id on disk.
[[0;32m  OK  [0m] Found device /dev/ttyS0.
[[0;32m  OK  [0m] Listening on Load/Save RF Kill Switch Status /dev/rfkill Watch.
[[0;32m  OK  [0m] Created slice system-getty.slice.
         Starting Update UTMP about System Boot/Shutdown...
[[0;32m  OK  [0m] Started Update UTMP about System Boot/Shutdown.
[[0;32m  OK  [0m] Started LSB: AppArmor initialization.
[   37.683273] cloud-init[738]: Cloud-init v. 18.2 running 'init-local' at Fri, 05 Oct 2018 04:02:38 +0000. Up 37.45 seconds.
[[0;32m  OK  [0m] Started Initial cloud-init job (pre-networking).
[[0;32m  OK  [0m] Reached target Network (Pre).
         Starting Raise network interfaces...
[[0;32m  OK  [0m] Started Raise network interfaces.
[[0;32m  OK  [0m] Reached target Network.
         Starting Initial cloud-init job (metadata service crawler)...
[   39.291964] cloud-init[1036]: Cloud-init v. 18.2 running 'init' at Fri, 05 Oct 2018 04:02:39 +0000. Up 38.66 seconds.
[   39.294152] cloud-init[1036]: ci-info: +++++++++++++++++++++++++++++++++++++Net device info++++++++++++++++++++++++++++++++++++++
[   39.326011] cloud-init[1036]: ci-info: +--------+-------+---------------------------+---------------+-------+-------------------+
[   39.449180] cloud-init[1036]: ci-info: | Device |   Up  |          Address          |      Mask     | Scope |     Hw-Address    |
[   39.449465] cloud-init[1036]: ci-info: +--------+-------+---------------------------+---------------+-------+-------------------+
[   39.449951] cloud-init[1036]: ci-info: | enp0s3 |  True |         10.0.2.15         | 255.255.255.0 |   .   | 02:ff:33:8f:0e:5d |
[   39.450612] cloud-init[1036]: ci-info: | enp0s3 |  True | fe80::ff:33ff:fe8f:e5d/64 |       .       |  link | 02:ff:33:8f:0e:5d |
[[0;32m  OK  [0m] Started Initial cloud-init job (metadata service crawler).
[   39.451022] cloud-init[1036]: ci-info: | enp0s8 | False |             .             |       .       |   .   | 08:00:27:49:49:88 |
[   40.164729] cloud-init[1036]: ci-info: | enp0s9 | False |             .             |       .       |   .   | 08:00:27:cf:68:51 |
[   40.168521] cloud-init[1036]: ci-info: |   lo   |  True |         127.0.0.1         |   255.0.0.0   |   .   |         .         |
[   40.168775] cloud-init[1036]: ci-info: |   lo   |  True |          ::1/128          |       .       |  host |         .         |
[   40.168977] cloud-init[1036]: ci-info: +--------+-------+---------------------------+---------------+-------+-------------------+
[   40.169173] cloud-init[1036]: ci-info: +++++++++++++++++++++++++++Route IPv4 info++++++++++++++++++++++++++++
[   40.169379] cloud-init[1036]: ci-info: +-------+-------------+----------+---------------+-----------+-------+
[   40.169832] cloud-init[1036]: ci-info: | Route | Destination | Gateway  |    Genmask    | Interface | Flags |
[   40.170035] cloud-init[1036]: ci-info: +-------+-------------+----------+---------------+-----------+-------+
[   40.170243] cloud-init[1036]: ci-info: |   0   |   0.0.0.0   | 10.0.2.2 |    0.0.0.0    |   enp0s3  |   UG  |
[   40.170450] cloud-init[1036]: ci-info: |   1   |   10.0.2.0  | 0.0.0.0  | 255.255.255.0 |   enp0s3  |   U   |
[   40.170651] cloud-init[1036]: ci-info: +-------+-------------+----------+---------------+-----------+-------+
[   40.170878] cloud-init[1036]: Generating public/private rsa key pair.
[   40.171276] cloud-init[1036]: Your identification has been saved in /etc/ssh/ssh_host_rsa_key.
[   40.171700] cloud-init[1036]: Your public key has been saved in /etc/ssh/ssh_host_rsa_key.pub.
[   40.171908] cloud-init[1036]: The key fingerprint is:
[   40.172283] cloud-init[1036]: SHA256:oK15yWMOJtRav3NQ2YQRyQ5xN86vT4wJjmmrfpat5kY root@ubuntu-xenial
[   40.172501] cloud-init[1036]: The key's randomart image is:
[   40.172700] cloud-init[1036]: +---[RSA 2048]----+
[   40.172925] cloud-init[1036]: |      .o+=o      |
[   40.173270] cloud-init[1036]: |      ..++..     |
[   40.173611] cloud-init[1036]: |      .o +o      |
[   40.173877] cloud-init[1036]: |   . o .+ ..     |
[[0;32m  OK  [0m[   40.173936] ] cloud-initReached target Network is Online.[1036]: 
|  . + ..S   .    |
[   40.173991] cloud-init[1036]: | . o =E= . =     |
[   40.724191] cloud-init[1036]: |  o =.@+. + o    |
[   40.724412] cloud-init[1036]: |   o *B+o  o     |
[   40.724669] cloud-init[1036]: |   .oB*+    .    |
[   40.724903] cloud-init[1036]: +----[SHA256]-----+
[   40.725173] cloud-init[1036]: Generating public/private dsa key pair.
[   40.725471] cloud-init[1036]: Your identification has been saved in /etc/ssh/ssh_host_dsa_key.
[   40.725969] cloud-init[1036]: Your public key has been saved in /etc/ssh/ssh_host_dsa_key.pub.
[   40.726459] cloud-init[1036]: The key fingerprint is:
[   40.726740] cloud-init[1036]: SHA256:+R1EzfnykFDl+bkut4JCHdMOJFx1IkDGh09J/9whAEQ root@ubuntu-xenial
[   40.727237] cloud-init[1036]: The key's randomart image is:
[   40.727492] cloud-init[1036]: +---[DSA 1024]----+
[   40.728035] cloud-init[1036]: |        *E*=+*.+.|
[   40.728597] cloud-init[1036]: |        .= *= *..|
[   40.728882] cloud-init[1036]: |          * o+ =.|
[   40.729151] cloud-init[1036]: |         . * .B *|
[   40.729600] cloud-init[1036]: |        S . *  Bo|
[   40.729834] cloud-init[1036]: |         o o o  o|
[   40.730057] cloud-init[1036]: |        . . o  . |
         Starting iSCSI initiator daemon (iscsid)...
[[   40.730471] cloud-init[1036]: |         . . o.. |
[   41.197703] cloud-init[1036]: |          .   +o.|
[0;32m  OK  [0m] Reached target Cloud-config availability.
[[   41.198374] cloud-init[1036]: +----[SHA256]-----+
[   41.263514] cloud-init[1036]: Generating public/private ecdsa key pair.
[0;32m  OK  [0m] Reached target System Initialization.
[   41.264280] cloud-init[1036]: Your identification has been saved in /etc/ssh/ssh_host_ecdsa_key.
[   41.551133] cloud-init[1036]: Your public key has been saved in /etc/ssh/ssh_host_ecdsa_key.pub.
[[0;32m  OK  [0m] Started Daily Cleanup of Temporary Directories.
[[   41.551705] cloud-init[1036]: The key fingerprint is:
[   41.809172] cloud-init[1036]: SHA256:KSOLZHEeiz6pFZGWJQ6G5kWZd2qCB50pC2cuqJISC+c root@ubuntu-xenial
[   41.809404] cloud-init[1036]: The key's randomart image is:
[   41.809678] cloud-init[1036]: +---[ECDSA 256]---+
[0;32m  OK  [0m] Listening on ACPID Listen Socket.
[   41.809997] cloud-init[1036]: |o.+.*            |
[   41.941151] cloud-init[1036]: |+*o% . .         |
[   41.941468] cloud-init[1036]: |=+& + o          |
[   41.941777] cloud-init[1036]: |==oO =   .       |
[   41.942028] cloud-init[1036]: |oB* * o S        |
[   41.942354] cloud-init[1036]: |*+E+ o o         |
         Starting Socket activation for snappy daemon.
[[   41.942677] cloud-init[1036]: |o * .            |
[   41.965599] cloud-init[1036]: | o .             |
[   41.965835] cloud-init[1036]: |.                |
[   41.966116] cloud-init[1036]: +----[SHA256]-----+
[   41.966667] cloud-init[1036]: Generating public/private ed25519 key pair.
[0;32m  OK  [0m] Started Daily apt download activities.
[[   41.967057] cloud-init[1036]: Your identification has been saved in /etc/ssh/ssh_host_ed25519_key.
[   42.217620] cloud-init[1036]: Your public key has been saved in /etc/ssh/ssh_host_ed25519_key.pub.
[   42.218215] cloud-init[1036]: The key fingerprint is:
[   42.218457] cloud-init[1036]: SHA256:Hp4VgTfV3f+8OabIvvFdzJH1RUGrD1zWvS/g2P9FPCk root@ubuntu-xenial
[   42.218761] cloud-init[1036]: The key's randomart image is:
[   42.219048] cloud-init[1036]: +--[ED25519 256]--+
[   42.219382] cloud-init[1036]: |         ......++|
[   42.219806] cloud-init[1036]: |        . o.  ..*|
[   42.220403] cloud-init[1036]: |         ...   +*|
[   42.220708] cloud-init[1036]: |           .. +.O|
[   42.220990] cloud-init[1036]: |        S . .E B=|
[   42.221298] cloud-init[1036]: |       o + + .++*|
[   42.221616] cloud-init[1036]: |        + ..o ..O|
[   42.221902] cloud-init[1036]: |          . +..*o|
[   42.222364] cloud-init[1036]: |          .=.o+oo|
[   42.222750] cloud-init[1036]: +----[SHA256]-----+
[0;32m  OK  [0m] Listening on UUID daemon activation socket.
         Starting LXD - unix socket.
[[0;32m  OK  [0m] Started Daily apt upgrade and clean activities.
[[0;32m  OK  [0m] Reached target Timers.
[[0;32m  OK  [0m] Listening on D-Bus System Message Bus Socket.
[[0;32m  OK  [0m] Started ACPI Events Check.
[[0;32m  OK  [0m] Reached target Paths.
[[0;32m  OK  [0m] Listening on Socket activation for snappy daemon.
[[0;32m  OK  [0m] Listening on LXD - unix socket.
[[0;32m  OK  [0m] Started iSCSI initiator daemon (iscsid).
         Starting Login to default iSCSI targets...
[[0;32m  OK  [0m] Reached target Sockets.
[[0;32m  OK  [0m] Reached target Basic System.
         Starting System Logging Service...
         Starting /etc/rc.local Compatibility...
         Starting LSB: Record successful boot for GRUB...
[[0;32m  OK  [0m] Started D-Bus System Message Bus.
[[0;32m  OK  [0m] Started Deferred execution scheduler.
[[0;32m  OK  [0m] Started Regular background program processing daemon.
         Starting LSB: MD monitoring daemon...
         Starting Apply the settings specified in cloud-config...
[[0;32m  OK  [0m] Started FUSE filesystem for LXC.
         Starting Virtualbox guest utils...
         Starting LXD - container startup/shutdown...
         Starting Accounts Service...
         Starting Pollinate to seed the pseudo random number generator...
         Starting Login Service...
[[0;32m  OK  [0m] Started ACPI event daemon.
[[0;32m  OK  [0m] Started Unattended Upgrades Shutdown.
         Starting Snappy daemon...
[[0;32m  OK  [0m] Started System Logging Service.
[[0;32m  OK  [0m] Started /etc/rc.local Compatibility.
[[0;32m  OK  [0m] Started Login to default iSCSI targets.
[[0;32m  OK  [0m] Started LSB: Record successful boot for GRUB.
[[0;32m  OK  [0m] Started LXD - container startup/shutdown.
[[0;32m  OK  [0m] Started LSB: MD monitoring daemon.
[[0;32m  OK  [0m] Started Login Service.
         Starting Authenticate and Authorize Users to Run Privileged Tasks...
[[0;32m  OK  [0m] Reached target Remote File Systems (Pre).
[[0;32m  OK  [0m] Reached target Remote File Systems.
         Starting Permit User Sessions...
         Starting LSB: automatic crash report generation...
         Starting LSB: daemon to balance interrupts for SMP systems...
         Starting LSB: Set the CPU Frequency Scaling governor to "ondemand"...
[[0;32m  OK  [0m] Started Snappy daemon.
[[0;32m  OK  [0m] Started Virtualbox guest utils.
[[0;32m  OK  [0m] Started Permit User Sessions.
[[0;32m  OK  [0m] Started Authenticate and Authorize Users to Run Privileged Tasks.
[[0;32m  OK  [0m] Started Accounts Service.
         Starting Hold until boot process finishes up...
         Starting Terminate Plymouth Boot Screen...
         Starting Wait until snapd is fully seeded...
[[0;32m  OK  [0m] Started LSB: Set the CPU Frequency Scaling governor to "ondemand".
[[0;32m  OK  [0m] Started LSB: automatic crash report generation.
[[0;32m  OK  [0m] Started LSB: daemon to balance interrupts for SMP systems.
[[0;32m  OK  [0m] Started Hold until boot process finishes up.
[[0;32m  OK  [0m] Started Terminate Plymouth Boot Screen.
[[0;32m  OK  [0m] Started Getty on tty1.
         Starting Set console scheme...
[[0;32m  OK  [0m] Started Serial Getty on ttyS0.
[[0;32m  OK  [0m] Reached target Login Prompts.
[[0;32m  OK  [0m] Started Set console scheme.
[   45.362520] cloud-init[1158]: Generating locales (this might take a while)...
[   46.207533] cloud-init[1158]:   en_US.UTF-8... done
[   46.229114] [cloud-init[0;32m  OK  [0m[1158]: ] Generation complete.Started Pollinate to seed the pseudo random number generator.

         Starting OpenBSD Secure Shell server...
[[0;32m  OK  [0m] Started OpenBSD Secure Shell server.
[   46.516602] cloud-init[1158]: Cloud-init v. 18.2 running 'modules:config' at Fri, 05 Oct 2018 04:02:46 +0000. Up 45.21 seconds.
[[0;32m  OK  [0m] Created slice User Slice of vagrant.
[[0;32m  OK  [0m] Started Apply the settings specified in cloud-config.
         Starting User Manager for UID 1000...
[[0;32m  OK  [0m] Started User Manager for UID 1000.
[[0;32m  OK  [0m] Started Session 1 of user vagrant.
[[0;32m  OK  [0m] Started Wait until snapd is fully seeded.
[[0;32m  OK  [0m] Reached target Multi-User System.
[[0;32m  OK  [0m] Reached target Graphical Interface.
         Starting Update UTMP about System Runlevel Changes...
         Starting Execute cloud user/final scripts...
[[0;32m  OK  [0m] Started Update UTMP about System Runlevel Changes.
ci-info: no authorized ssh keys fingerprints found for user ubuntu.
<14>Oct  5 04:02:50 ec2: 
<14>Oct  5 04:02:50 ec2: #############################################################
<14>Oct  5 04:02:50 ec2: -----BEGIN SSH HOST KEY FINGERPRINTS-----
<14>Oct  5 04:02:50 ec2: 1024 SHA256:+R1EzfnykFDl+bkut4JCHdMOJFx1IkDGh09J/9whAEQ root@ubuntu-xenial (DSA)
<14>Oct  5 04:02:50 ec2: 256 SHA256:KSOLZHEeiz6pFZGWJQ6G5kWZd2qCB50pC2cuqJISC+c root@ubuntu-xenial (ECDSA)
<14>Oct  5 04:02:50 ec2: 256 SHA256:Hp4VgTfV3f+8OabIvvFdzJH1RUGrD1zWvS/g2P9FPCk root@ubuntu-xenial (ED25519)
<14>Oct  5 04:02:50 ec2: 2048 SHA256:oK15yWMOJtRav3NQ2YQRyQ5xN86vT4wJjmmrfpat5kY root@ubuntu-xenial (RSA)
<14>Oct  5 04:02:50 ec2: -----END SSH HOST KEY FINGERPRINTS-----
<14>Oct  5 04:02:50 ec2: #############################################################
-----BEGIN SSH HOST KEY KEYS-----
ecdsa-sha2-nistp256 AAAAE2VjZHNhLXNoYTItbmlzdHAyNTYAAAAIbmlzdHAyNTYAAABBBBIYXuaDctX82GQIuNLx4W+KEzrJ0PIQY8kZwQbFMmLEGHbPIxdwnIqAZaT/lyfxJh+FAwMrgI/vmF+6jTMzQnQ= root@ubuntu-xenial
ssh-ed25519 AAAAC3NzaC1lZDI1NTE5AAAAIHOZ7zw5eEOq7Totl+bsiC+SbVpWQeUNMJ78Tovu2kHR root@ubuntu-xenial
ssh-rsa AAAAB3NzaC1yc2EAAAADAQABAAABAQCu2tooCNu/0VQg/lMR1bT4px4EUcqc1bZLrMjw5WyznSvfJbCtZJHlH4WMELyLnxyPvfZA01GsyI1KOY4McszixFGZmS7BF1H3euI2rmxhv3Du2BOcmhVGr9FThcz4o7KqsnurGUIkB87SSEvfc/rzYGLylrGYXmFzuGE/Jar/obTYxtQfFyjR70u91f+LiLZYy14sjt8Uv7rrbZRXGVL3T0D4kCgM5LZzcb1kqUQ3ZA60nCgb2iiw2eVehceaWtzrIFwlnVdNvbC3M6V46bDmwHUz4DH0R1FQp1fkkhpkjrWQ1WLyvOis/0yzC3Tg1r+csTTpT11PS82jjPkECr79 root@ubuntu-xenial
-----END SSH HOST KEY KEYS-----
         Stopping User Manager for UID 1000...
[   49.619249] cloud-init[1532]: Cloud-init v. 18.2 running 'modules:final' at Fri, 05 Oct 2018 04:02:49 +0000. Up 48.58 seconds.
[   49.800620] [cloud-init[0;32m  OK  [0m[1532]: ] ci-info: no authorized ssh keys fingerprints found for user ubuntu.Stopped User Manager for UID 1000.

[   50.030070] [cloud-init[0;32m  OK  [0m[1532]: ] Cloud-init v. 18.2 finished at Fri, 05 Oct 2018 04:02:50 +0000. Datasource DataSourceNoCloud [seed=/dev/sdb][dsmode=net].  Up 49.61 secondsStarted Execute cloud user/final scripts.


Ubuntu 16.04.4 LTS host1 ttyS0

host1 login: 